
Testing all three temperature methods...

=== Test 3: Green's Functions Method ===
Creating Green's functions model...
DEBUG: About to call get_model with :greens_function
Creating Green's functions model...
DEBUG: About to call get_model with :greens_function

DEBUG: Checking component timesteps...
✗ Green's functions failed: UndefVarError(:first_period, 0x0000000000009818, Main)
DEBUG: Error type: UndefVarError
DEBUG: Full stack trace:
UndefVarError: `first_period` not defined in `Main`
Suggestion: check for spelling errors or missing imports.
Stacktrace:
 [1] top-level scope
   @ /share/crsp/lab/freesel/share/MimiGIVE.jl/scripts/test_gf.jl:28
 [2] include(mod::Module, _path::String)
   @ Base ./Base.jl:306
 [3] exec_options(opts::Base.JLOptions)
   @ Base ./client.jl:317
 [4] _start()
   @ Base ./client.jl:550

=== Summary ===
Tested all three temperature methods.
