
Testing all three temperature methods...

=== Test 3: Green's Functions Method ===
Creating Green's functions model...
DEBUG: About to call get_model with :greens_function
Creating Green's functions model...
DEBUG: About to call get_model with :greens_function

DEBUG: Checking component timesteps...
  TempMortality_GreensFunction first: 1750
  OceanHeatAccumulator first: 1850
  antarctic_icesheet first: 1850
  global_sea_level first: 1850
DEBUG: Model created successfully, about to run...

DEBUG: Checking parameter connections...
  Cannot get connection info: UndefVarError(:get_connection, 0x0000000000009818, Mimi)
Running Green's functions model...
=== TempMortality_GreensFunction INIT ===
  Number of timesteps: 551
  Number of countries: 184
  Number of lags: 600
  GCM ID: 1
  dt: 1.0
  Pattern array size: (184, 1, 600)
  Global pattern array size: (1, 600)
  Sample pattern values [country 1, gcm 1, lags 1-5]: Union{Missing, Float64}[0.0, 0.0, 0.0, 0.0, 0.0]
  Sample global pattern values [gcm 1, lags 1-5]: Union{Missing, Float64}[0.17925945102525595, 0.36691924337978793, 0.5677122755081099, 0.7245750416425533, 0.9162225158917294]
=== INIT COMPLETE ===

Year 1750 (idx=1): global_temp = 0.004092940747385293 °C
Year 1751 (idx=2): global_temp = 0.012543594197864005 °C
Year 1752 (idx=3): global_temp = 0.025729607395073607 °C
Year 1753 (idx=4): global_temp = 0.042732454268476855 °C
Year 1754 (idx=5): global_temp = 0.06441459059882484 °C
Year 1755 (idx=6): global_temp = 0.08911420536472454 °C
Year 1756 (idx=7): global_temp = 0.1158324818274277 °C
Year 1757 (idx=8): global_temp = 0.14387401911787215 °C
Year 1758 (idx=9): global_temp = 0.17150798488586083 °C
Year 1759 (idx=10): global_temp = 0.19707879538046397 °C
Year 1851: del_ohc = 3.1095279756562924e21
Year 1852: del_ohc = 2.8199791098713924e21
Year 1853: del_ohc = 1.1592324473639452e21
Year 1854: del_ohc = -4.8750684454220464e20
Year 1855: del_ohc = 5.162856827945522e20
Year 1856: del_ohc = 1.7030701322556505e21
Year 1857: del_ohc = 3.822680234462422e20
Year 1858: del_ohc = 5.245663527643349e20
Year 1859: del_ohc = 2.5256813004700826e21
Year 1860: del_ohc = 3.2839001239596806e21
Year 1861: del_ohc = 2.6783492219363865e21
Year 1862: del_ohc = -4.291026489684241e21
Year 1863: del_ohc = -6.283982138344766e21
Year 1864: del_ohc = 1.7714564007569297e20
Year 1865: del_ohc = 3.4681004395107435e21
Year 1866: del_ohc = 4.1390404943114283e21
Year 1867: del_ohc = 3.985014900231447e21
Year 1868: del_ohc = 3.765604121450487e21
Year 1869: del_ohc = 3.690026194495901e21
Year 1870: del_ohc = 3.554912610506972e21
Year 1871: del_ohc = 3.4037347932039576e21
Year 1872: del_ohc = 3.1592345930665584e21
Year 1873: del_ohc = 9.974411354261823e20
Year 1874: del_ohc = 4.7818433925217334e20
Year 1875: del_ohc = 1.75388691990784e21
Year 1876: del_ohc = 1.8170123888654877e21
Year 1877: del_ohc = 2.1860420123346692e21
Year 1878: del_ohc = 2.5456742560166964e21
Year 1879: del_ohc = 2.578813621829776e21
Year 1880: del_ohc = 2.2417557080572455e21
Year 1881: del_ohc = 2.109925536866886e21
Year 1882: del_ohc = 2.6083127264129093e21
Year 1883: del_ohc = -2.601616635762257e21
Year 1884: del_ohc = -1.7920120400487324e22
Year 1885: del_ohc = -1.5625837812901277e22
Year 1886: del_ohc = 3.677263786531929e19
Year 1887: del_ohc = 4.4352988185835633e21
Year 1888: del_ohc = 5.480383351039134e21
Year 1889: del_ohc = 6.258959937700223e21
Year 1890: del_ohc = 4.3926842907001734e21
Year 1891: del_ohc = 1.6349456942630723e21
Year 1892: del_ohc = 2.3602493780686345e21
Year 1893: del_ohc = 4.92972172435807e21
Year 1894: del_ohc = 5.658088218660116e21
Year 1895: del_ohc = 5.057679779327235e21
Year 1896: del_ohc = 4.226806044607345e21
Year 1897: del_ohc = 3.5846212242723685e21
Year 1898: del_ohc = 3.204353846577869e21
Year 1899: del_ohc = 2.915330164531918e21
Year 1900: del_ohc = 2.6993135584416597e21
Year 1901: del_ohc = 2.5589845589067846e21
Year 1902: del_ohc = 7.265128220784461e20
Year 1903: del_ohc = -5.971735537775921e21
Year 1904: del_ohc = -5.993908176932184e21
Year 1905: del_ohc = 1.3967521273848256e21
Year 1906: del_ohc = 4.925799246704103e21
Year 1907: del_ohc = 3.983901818668817e21
Year 1908: del_ohc = 3.373333489984734e21
Year 1909: del_ohc = 4.494321183887459e21
Year 1910: del_ohc = 4.4103987449006014e21
Year 1911: del_ohc = 3.9188081628227767e21
Year 1912: del_ohc = -8.955058475312582e20
Year 1913: del_ohc = -3.9709501689468394e21
Year 1914: del_ohc = 1.1603195733456439e20
Year 1915: del_ohc = 4.3307594680850684e21
Year 1916: del_ohc = 5.839018265432553e21
Year 1917: del_ohc = 5.82560846701696e21
Year 1918: del_ohc = 5.566524221467765e21
Year 1919: del_ohc = 5.184222501195596e21
Year 1920: del_ohc = 4.52677802378927e21
Year 1921: del_ohc = 4.109745240645599e21
Year 1922: del_ohc = 2.8393909097041043e21
Year 1923: del_ohc = 2.1396011427875182e21
Year 1924: del_ohc = 3.306158115646462e21
Year 1925: del_ohc = 4.0835844340871673e21
Year 1926: del_ohc = 4.334314996327728e21
Year 1927: del_ohc = 4.52951744918571e21
Year 1928: del_ohc = 4.134310516600382e21
Year 1929: del_ohc = 2.173472443948405e21
Year 1930: del_ohc = 2.8212275169616383e21
Year 1931: del_ohc = 4.6999217191467053e21
Year 1932: del_ohc = 3.172511979161054e21
Year 1933: del_ohc = 2.9894777956334295e21
Year 1934: del_ohc = 4.35379912572664e21
Year 1935: del_ohc = 4.6741625248845576e21
Year 1936: del_ohc = 5.078562991149231e21
Year 1937: del_ohc = 5.239735030563333e21
Year 1938: del_ohc = 5.057662755870154e21
Year 1939: del_ohc = 4.914384109143252e21
Year 1940: del_ohc = 4.521760826312987e21
Year 1941: del_ohc = 4.1109228080259536e21
Year 1942: del_ohc = 3.8836309537299995e21
Year 1943: del_ohc = 3.723727810175998e21
Year 1944: del_ohc = 3.819122605550366e21
Year 1945: del_ohc = 4.4637363700188976e21
Year 1946: del_ohc = 5.061317045780811e21
Year 1947: del_ohc = 5.344843012454059e21
Year 1948: del_ohc = 5.547720556096503e21
Year 1949: del_ohc = 5.485722707507903e21
Year 1950: del_ohc = 4.993871449953017e21
Year 1951: del_ohc = 4.255943278418918e21
Year 1952: del_ohc = 4.005647493970359e21
Year 1953: del_ohc = 4.139191149154268e21
Year 1954: del_ohc = 4.332140438085425e21
Year 1955: del_ohc = 4.6897514282890423e21
Year 1956: del_ohc = 5.388635798260138e21
Year 1957: del_ohc = 6.307210033752713e21
Year 1958: del_ohc = 6.754891855521288e21
Year 1959: del_ohc = 6.45298845289865e21
Year 1960: del_ohc = 5.955972449848003e21
Year 1961: del_ohc = 5.07439692815904e21
Year 1962: del_ohc = 2.886764490767066e21
Year 1963: del_ohc = -4.981738401755784e21
Year 1964: del_ohc = -7.946341211204184e21
Year 1965: del_ohc = -1.7503547814785924e21
Year 1966: del_ohc = 5.226674733063926e21
Year 1967: del_ohc = 6.990216445896078e21
Year 1968: del_ohc = 6.183250968085983e21
Year 1969: del_ohc = 7.747176601413994e21
Year 1970: del_ohc = 8.118073302136407e21
Year 1971: del_ohc = 6.715762419363134e21
Year 1972: del_ohc = 6.621286262572492e21
Year 1973: del_ohc = 8.304993927535836e21
Year 1974: del_ohc = 7.875912303083472e21
Year 1975: del_ohc = 5.214081188979622e21
Year 1976: del_ohc = 5.925594781088642e21
Year 1977: del_ohc = 9.039092120945612e21
Year 1978: del_ohc = 1.0532464211891807e22
Year 1979: del_ohc = 1.1140274771565342e22
Year 1980: del_ohc = 1.0734359687874229e22
Year 1981: del_ohc = 1.0204827820706427e22
Year 1982: del_ohc = 7.323934345331366e21
Year 1983: del_ohc = 1.5993831439610937e21
Year 1984: del_ohc = 2.72287480925746e21
Year 1985: del_ohc = 8.724016409403134e21
Year 1986: del_ohc = 1.0773744590074036e22
Year 1987: del_ohc = 1.1432506961071964e22
Year 1988: del_ohc = 1.2775588748433115e22
Year 1989: del_ohc = 1.4040649822537213e22
Year 1990: del_ohc = 1.4312173958690257e22
Year 1991: del_ohc = 8.554019382390301e21
Year 1992: del_ohc = -5.363135915210297e21
Year 1993: del_ohc = -4.484326924807833e21
Year 1994: del_ohc = 9.866204102289036e21
Year 1995: del_ohc = 1.6192086761692295e22
Year 1996: del_ohc = 1.695425329473534e22
Year 1997: del_ohc = 1.6723966572825869e22
Year 1998: del_ohc = 1.6749805351392609e22
Year 1999: del_ohc = 1.6918779892279175e22
Year 2000: del_ohc = 1.6789354165228248e22
Year 2001: del_ohc = 1.6236074913808154e22
Year 2002: del_ohc = 1.5822762158165932e22
Year 2003: del_ohc = 1.4995339303094013e22
Year 2004: del_ohc = 1.4092995008190533e22
Year 2005: del_ohc = 1.3530298300593389e22
Year 2006: del_ohc = 1.308787689239572e22
Year 2007: del_ohc = 1.3173083756007468e22
Year 2008: del_ohc = 1.3648808525232236e22
Year 2009: del_ohc = 1.4002053433216868e22
Year 2010: del_ohc = 1.470080697715792e22
Year 2011: del_ohc = 1.5313495885990318e22
Year 2012: del_ohc = 1.57730637368195e22
Year 2013: del_ohc = 1.6519961828852731e22
Year 2014: del_ohc = 1.6774762671582025e22
Year 2015: del_ohc = 1.6748323214522736e22
Year 2016: del_ohc = 1.6725581668922031e22
Year 2017: del_ohc = 1.6965500462734334e22
Year 2018: del_ohc = 1.7213146699108805e22
Year 2019: del_ohc = 1.7354714126559826e22
Year 2020: del_ohc = 1.754316208555243e22
Year 2021: del_ohc = 1.7820254907786466e22
Year 2022: del_ohc = 1.8247824031376772e22
Year 2023: del_ohc = 1.8532925822979572e22
Year 2024: del_ohc = 1.8575793428690849e22
Year 2025: del_ohc = 1.8304823448171547e22
Year 2026: del_ohc = 1.7851095058900578e22
Year 2027: del_ohc = 1.7454953931814268e22
Year 2028: del_ohc = 1.723733275364364e22
Year 2029: del_ohc = 1.7110755953731359e22
Year 2030: del_ohc = 1.711751943400485e22
Year 2031: del_ohc = 1.7308736631733265e22
Year 2032: del_ohc = 1.7581076043245457e22
Year 2033: del_ohc = 1.804008976073256e22
Year 2034: del_ohc = 1.8700021411151125e22
Year 2035: del_ohc = 1.91294551537465e22
Year 2036: del_ohc = 1.9358482424713315e22
Year 2037: del_ohc = 1.9397171471700743e22
Year 2038: del_ohc = 1.9323379530411744e22
Year 2039: del_ohc = 1.9210179056057134e22
Year 2040: del_ohc = 1.8962695724616307e22
Year 2041: del_ohc = 1.8795972804215528e22
Year 2042: del_ohc = 1.8795833379720937e22
Year 2043: del_ohc = 1.8967425583784734e22
Year 2044: del_ohc = 1.925028061492544e22
Year 2045: del_ohc = 1.974745579467195e22
Year 2046: del_ohc = 2.02626678258808e22
Year 2047: del_ohc = 2.0654980126078277e22
Year 2048: del_ohc = 2.084149517558416e22
Year 2049: del_ohc = 2.065496939834743e22
Year 2050: del_ohc = 2.0246074933014407e22
Year 2051: del_ohc = 1.99497398045571e22
Year 2052: del_ohc = 1.9836327767398043e22
Year 2053: del_ohc = 1.9792992424773856e22
Year 2054: del_ohc = 1.991326269801556e22
Year 2055: del_ohc = 2.0260135161715224e22
Year 2056: del_ohc = 2.072028139503672e22
Year 2057: del_ohc = 2.0966819658608344e22
Year 2058: del_ohc = 2.1035886932069278e22
Year 2059: del_ohc = 2.1126528834458698e22
Year 2060: del_ohc = 2.102135899693564e22
Year 2061: del_ohc = 2.0779699103164652e22
Year 2062: del_ohc = 2.0620566051558074e22
Year 2063: del_ohc = 2.058695260953126e22
Year 2064: del_ohc = 2.0655972467262787e22
Year 2065: del_ohc = 2.0804176068494875e22
Year 2066: del_ohc = 2.116153571102665e22
Year 2067: del_ohc = 2.160620236978698e22
Year 2068: del_ohc = 2.1883452938707284e22
Year 2069: del_ohc = 2.1896425653866775e22
Year 2070: del_ohc = 2.1699040357464236e22
Year 2071: del_ohc = 2.1417515359696073e22
Year 2072: del_ohc = 2.1224646097444775e22
Year 2073: del_ohc = 2.1167824245376745e22
Year 2074: del_ohc = 2.1110701030957962e22
Year 2075: del_ohc = 2.1086745493431174e22
Year 2076: del_ohc = 2.1113925098206487e22
Year 2077: del_ohc = 2.1219035830182616e22
Year 2078: del_ohc = 2.147435550706206e22
Year 2079: del_ohc = 2.178481106078601e22
Year 2080: del_ohc = 2.201726225908995e22
Year 2081: del_ohc = 2.2095053162380987e22
Year 2082: del_ohc = 2.2066504116098497e22
Year 2083: del_ohc = 2.192512095435078e22
Year 2084: del_ohc = 2.1771548421852964e22
Year 2085: del_ohc = 2.1584192227113037e22
Year 2086: del_ohc = 2.138980105223944e22
Year 2087: del_ohc = 2.1374559829008964e22
Year 2088: del_ohc = 2.1456116694080964e22
Year 2089: del_ohc = 2.165421938477653e22
Year 2090: del_ohc = 2.201189917214889e22
Year 2091: del_ohc = 2.233664411812878e22
Year 2092: del_ohc = 2.2606621143179475e22
Year 2093: del_ohc = 2.2600356781521315e22
Year 2094: del_ohc = 2.2245368063335575e22
Year 2095: del_ohc = 2.190134973021077e22
Year 2096: del_ohc = 2.1619265443525504e22
Year 2097: del_ohc = 2.1458007961395794e22
Year 2098: del_ohc = 2.141734567660831e22
Year 2099: del_ohc = 2.1502621620498304e22
Year 2100: del_ohc = 2.17798310255998e22
Year 2101: del_ohc = 2.2136213502155387e22
Year 2102: del_ohc = 2.2264018419417497e22
Year 2103: del_ohc = 2.2180325801136088e22
Year 2104: del_ohc = 2.2035235390688284e22
Year 2105: del_ohc = 2.176091335131238e22
Year 2106: del_ohc = 2.1520890023750945e22
Year 2107: del_ohc = 2.1393286997822818e22
Year 2108: del_ohc = 2.136170340976235e22
Year 2109: del_ohc = 2.144939795030176e22
Year 2110: del_ohc = 2.1680793985096905e22
Year 2111: del_ohc = 2.2148699222814614e22
Year 2112: del_ohc = 2.239570408859568e22
Year 2113: del_ohc = 2.2318850629781984e22
Year 2114: del_ohc = 2.205740712976316e22
Year 2115: del_ohc = 2.1777865453596444e22
Year 2116: del_ohc = 2.1564038529307e22
Year 2117: del_ohc = 2.1358442080058716e22
Year 2118: del_ohc = 2.128191019301362e22
Year 2119: del_ohc = 2.129498424949177e22
Year 2120: del_ohc = 2.150152168663799e22
Year 2121: del_ohc = 2.1896718250018563e22
Year 2122: del_ohc = 2.2324971364145292e22
Year 2123: del_ohc = 2.2311448503044733e22
Year 2124: del_ohc = 2.210790708540651e22
Year 2125: del_ohc = 2.1866394007482443e22
Year 2126: del_ohc = 2.1460351900297934e22
Year 2127: del_ohc = 2.122183964690517e22
Year 2128: del_ohc = 2.1108843942002666e22
Year 2129: del_ohc = 2.1109061520507124e22
Year 2130: del_ohc = 2.1317152539748002e22
Year 2131: del_ohc = 2.1849462199688435e22
Year 2132: del_ohc = 2.2194600637347788e22
Year 2133: del_ohc = 2.2190496781121503e22
Year 2134: del_ohc = 2.2002862249285314e22
Year 2135: del_ohc = 2.1591712725858058e22
Year 2136: del_ohc = 2.114430137777647e22
Year 2137: del_ohc = 2.0885317361575735e22
Year 2138: del_ohc = 2.080853834432595e22
Year 2139: del_ohc = 2.0767298138858366e22
Year 2140: del_ohc = 2.081192510842442e22
Year 2141: del_ohc = 2.1024483789556333e22
Year 2142: del_ohc = 2.1323090683619147e22
Year 2143: del_ohc = 2.1433935476524747e22
Year 2144: del_ohc = 2.140654617559506e22
Year 2145: del_ohc = 2.133181926434891e22
Year 2146: del_ohc = 2.1093266625549866e22
Year 2147: del_ohc = 2.09053685804934e22
Year 2148: del_ohc = 2.078192694589492e22
Year 2149: del_ohc = 2.064242566923988e22
Year 2150: del_ohc = 2.058767838506484e22
Year 2151: del_ohc = 2.0589331166124743e22
Year 2152: del_ohc = 2.0747372554071803e22
Year 2153: del_ohc = 2.1135367645379143e22
Year 2154: del_ohc = 2.1524334750373824e22
Year 2155: del_ohc = 2.15891331985708e22
Year 2156: del_ohc = 2.142203380316509e22
Year 2157: del_ohc = 2.116994312945199e22
Year 2158: del_ohc = 2.0818957961400058e22
Year 2159: del_ohc = 2.049841543050898e22
Year 2160: del_ohc = 2.031950329235529e22
Year 2161: del_ohc = 2.03140105089013e22
Year 2162: del_ohc = 2.0513418745788406e22
Year 2163: del_ohc = 2.0935074145587696e22
Year 2164: del_ohc = 2.1413044600799712e22
Year 2165: del_ohc = 2.146179145358233e22
Year 2166: del_ohc = 2.1300343911026245e22
Year 2167: del_ohc = 2.098702701182126e22
Year 2168: del_ohc = 2.05131752106402e22
Year 2169: del_ohc = 2.022904393554358e22
Year 2170: del_ohc = 2.0086202119539137e22
Year 2171: del_ohc = 2.0063251476423853e22
Year 2172: del_ohc = 2.0182143019665838e22
Year 2173: del_ohc = 2.0523204328228083e22
Year 2174: del_ohc = 2.0856059357041346e22
Year 2175: del_ohc = 2.1025071548109924e22
Year 2176: del_ohc = 2.1034321304776557e22
Year 2177: del_ohc = 2.080129337984667e22
Year 2178: del_ohc = 2.042630539109055e22
Year 2179: del_ohc = 2.012338730323382e22
Year 2180: del_ohc = 1.991367573372636e22
Year 2181: del_ohc = 1.9761834548203245e22
Year 2182: del_ohc = 1.9674901973067014e22
Year 2183: del_ohc = 1.9635678738945745e22
Year 2184: del_ohc = 1.9681176031638514e22
Year 2185: del_ohc = 1.983980795217569e22
Year 2186: del_ohc = 2.0185674814151687e22
Year 2187: del_ohc = 2.0400437661667787e22
Year 2188: del_ohc = 2.0412780587946755e22
Year 2189: del_ohc = 2.043137518694341e22
Year 2190: del_ohc = 2.020087677066479e22
Year 2191: del_ohc = 1.9810615350962843e22
Year 2192: del_ohc = 1.9546538727777707e22
Year 2193: del_ohc = 1.9429100002420327e22
Year 2194: del_ohc = 1.9400727674736207e22
Year 2195: del_ohc = 1.946408421375627e22
Year 2196: del_ohc = 1.9746406816030686e22
Year 2197: del_ohc = 2.0144588623446746e22
Year 2198: del_ohc = 2.0388430844740493e22
Year 2199: del_ohc = 2.0308515428150918e22
Year 2200: del_ohc = 2.0008129119672714e22
Year 2201: del_ohc = 1.961966140875658e22
Year 2202: del_ohc = 1.932309151275554e22
Year 2203: del_ohc = 1.9189251416001916e22
Year 2204: del_ohc = 1.9040451079977262e22
Year 2205: del_ohc = 1.89319594461932e22
Year 2206: del_ohc = 1.8885374375799797e22
Year 2207: del_ohc = 1.892094605911693e22
Year 2208: del_ohc = 1.9122147091705756e22
Year 2209: del_ohc = 1.9389061642173245e22
Year 2210: del_ohc = 1.9587716371169445e22
Year 2211: del_ohc = 1.9602330587145607e22
Year 2212: del_ohc = 1.948855504793844e22
Year 2213: del_ohc = 1.9273369874534192e22
Year 2214: del_ohc = 1.9043180811173046e22
Year 2215: del_ohc = 1.878264922312291e22
Year 2216: del_ohc = 1.8525788355849722e22
Year 2217: del_ohc = 1.8460795928626193e22
Year 2218: del_ohc = 1.8508114050535997e22
Year 2219: del_ohc = 1.8681324221227734e22
Year 2220: del_ohc = 1.9006409877082136e22
Year 2221: del_ohc = 1.9295622900565057e22
Year 2222: del_ohc = 1.9561254782484477e22
Year 2223: del_ohc = 1.9530627819631354e22
Year 2224: del_ohc = 1.912725747579046e22
Year 2225: del_ohc = 1.8740845392039604e22
Year 2226: del_ohc = 1.8399243499769145e22
Year 2227: del_ohc = 1.8205039997804232e22
Year 2228: del_ohc = 1.812837137029587e22
Year 2229: del_ohc = 1.8179506554375678e22
Year 2230: del_ohc = 1.847020042519103e22
Year 2231: del_ohc = 1.8750578755399393e22
Year 2232: del_ohc = 1.8826833710982426e22
Year 2233: del_ohc = 1.8840335355926194e22
Year 2234: del_ohc = 1.8726300205583914e22
Year 2235: del_ohc = 1.848249902907906e22
Year 2236: del_ohc = 1.8182925672569985e22
Year 2237: del_ohc = 1.7936715135536857e22
Year 2238: del_ohc = 1.7847164602234763e22
Year 2239: del_ohc = 1.7842753764374969e22
Year 2240: del_ohc = 1.7969149712394e22
Year 2241: del_ohc = 1.8288688835122925e22
Year 2242: del_ohc = 1.8661999708362915e22
Year 2243: del_ohc = 1.8773306383503442e22
Year 2244: del_ohc = 1.8641854252587936e22
Year 2245: del_ohc = 1.8351198807868677e22
Year 2246: del_ohc = 1.797830079129358e22
Year 2247: del_ohc = 1.7746308391441751e22
Year 2248: del_ohc = 1.7590400956962661e22
Year 2249: del_ohc = 1.7453604936622539e22
Year 2250: del_ohc = 1.7383909955597463e22
Year 2251: del_ohc = 1.736245379818958e22
Year 2252: del_ohc = 1.7447228836380961e22
Year 2253: del_ohc = 1.7671367517125046e22
Year 2254: del_ohc = 1.7956804492508782e22
Year 2255: del_ohc = 1.806704678465144e22
Year 2256: del_ohc = 1.8034005186035336e22
Year 2257: del_ohc = 1.7943510933081128e22
Year 2258: del_ohc = 1.7706421808480442e22
Year 2259: del_ohc = 1.7456322140486335e22
Year 2260: del_ohc = 1.7193499715313577e22
Year 2261: del_ohc = 1.697157958104543e22
Year 2262: del_ohc = 1.6935688887376005e22
Year 2263: del_ohc = 1.7000087094041107e22
Year 2264: del_ohc = 1.7199990900589368e22
Year 2265: del_ohc = 1.7551689397876594e22
Year 2266: del_ohc = 1.785489614014169e22
Year 2267: del_ohc = 1.805089030008071e22
Year 2268: del_ohc = 1.7872333916783667e22
Year 2269: del_ohc = 1.7444058468308948e22
Year 2270: del_ohc = 1.7072770346623661e22
Year 2271: del_ohc = 1.6781456162457871e22
Year 2272: del_ohc = 1.6598598669015884e22
Year 2273: del_ohc = 1.6539636969088523e22
Year 2274: del_ohc = 1.670006540016286e22
Year 2275: del_ohc = 1.7000539567813156e22
Year 2276: del_ohc = 1.725241971672766e22
Year 2277: del_ohc = 1.7283203722605293e22
Year 2278: del_ohc = 1.7157021371123376e22
Year 2279: del_ohc = 1.6954629915368843e22
Year 2280: del_ohc = 1.6635272561432747e22
Year 2281: del_ohc = 1.6367742006333412e22
Year 2282: del_ohc = 1.6267028665805239e22
Year 2283: del_ohc = 1.6241797191628835e22
Year 2284: del_ohc = 1.633217494784539e22
Year 2285: del_ohc = 1.6628232698866218e22
Year 2286: del_ohc = 1.7006715199823783e22
Year 2287: del_ohc = 1.718488311685418e22
Year 2288: del_ohc = 1.7111268556305397e22
Year 2289: del_ohc = 1.6721577530498027e22
Year 2290: del_ohc = 1.6350460633973237e22
Year 2291: del_ohc = 1.6139986049816848e22
Year 2292: del_ohc = 1.5900829248281308e22
Year 2293: del_ohc = 1.5759515489242257e22
Year 2294: del_ohc = 1.5793109124213962e22
Year 2295: del_ohc = 1.6069695786350184e22
Year 2296: del_ohc = 1.6415465268659737e22
Year 2297: del_ohc = 1.6697529214331347e22
Year 2298: del_ohc = 1.676358162694551e22
Year 2299: del_ohc = 1.6495307463596458e22
Year 2300: del_ohc = 1.612581269161497e22
✓ Green's functions model successful!
Green's functions mortality costs sample:
3×3 DataFrame
 Row │ time   country  mortality_costs
     │ Int64  String   Float64?
─────┼─────────────────────────────────
   1 │  2020  ABW            0.0
   2 │  2020  AFG            4.36991e9
   3 │  2020  AGO            7.71066e9

=== Summary ===
Tested all three temperature methods.
