  Activating project at `/share/crsp/lab/freesel/share/MimiGIVE.jl`
Precompiling packages...
Info Given MimiGIVE was explicitly requested, output will be shown live [0K
[0K┌ Warning: MCMCDiagnostics.jl has been deprecated in favor of MCMCDiagnosticTools.jl.
[0K│ (https://github.com/TuringLang/MCMCDiagnosticTools.jl/) and is no longer
[0K│ maintained.
[0K└ @ MCMCDiagnostics ~/.julia/packages/MCMCDiagnostics/uVCwA/src/MCMCDiagnostics.jl:4
[0KERROR: LoadError: syntax: unsupported `const` declaration on local variable around /share/crsp/lab/freesel/share/MimiGIVE.jl/src/components/TempMortality_GreensFunction.jl:60
[0KStacktrace:
[0K  [1] top-level scope
[0K    @ /share/crsp/lab/freesel/share/MimiGIVE.jl/src/components/TempMortality_GreensFunction.jl:16
[0K  [2] include(mapexpr::Function, mod::Module, _path::String)
[0K    @ Base ./Base.jl:307
[0K  [3] top-level scope
[0K    @ /share/crsp/lab/freesel/share/MimiGIVE.jl/src/MimiGIVE.jl:47
[0K  [4] include(mod::Module, _path::String)
[0K    @ Base ./Base.jl:306
[0K  [5] include_package_for_output(pkg::Base.PkgId, input::String, depot_path::Vector{String}, dl_load_path::Vector{String}, load_path::Vector{String}, concrete_deps::Vector{Pair{Base.PkgId, UInt128}}, source::Nothing)
[0K    @ Base ./loading.jl:2996
[0K  [6] top-level scope
[0K    @ stdin:5
[0K  [7] eval(m::Module, e::Any)
[0K    @ Core ./boot.jl:489
[0K  [8] include_string(mapexpr::typeof(identity), mod::Module, code::String, filename::String)
[0K    @ Base ./loading.jl:2842
[0K  [9] include_string
[0K    @ ./loading.jl:2852 [inlined]
[0K [10] exec_options(opts::Base.JLOptions)
[0K    @ Base ./client.jl:315
[0K [11] _start()
[0K    @ Base ./client.jl:550
[0Kin expression starting at /share/crsp/lab/freesel/share/MimiGIVE.jl/src/components/TempMortality_GreensFunction.jl:16
[0Kin expression starting at /share/crsp/lab/freesel/share/MimiGIVE.jl/src/MimiGIVE.jl:1
[0Kin expression starting at stdin:5
              ✗ MimiGIVE
  0 dependencies successfully precompiled in 15 seconds. 352 already precompiled.

ERROR: LoadError: The following 1 direct dependency failed to precompile:

MimiGIVE 

Failed to precompile MimiGIVE [08b927d4-7a58-4cf8-85d0-bad32a16dfbc] to "/data/homezvol1/freesel/.julia/compiled/v1.12/MimiGIVE/jl_8P55b9".
┌ Warning: MCMCDiagnostics.jl has been deprecated in favor of MCMCDiagnosticTools.jl.
│ (https://github.com/TuringLang/MCMCDiagnosticTools.jl/) and is no longer
│ maintained.
└ @ MCMCDiagnostics ~/.julia/packages/MCMCDiagnostics/uVCwA/src/MCMCDiagnostics.jl:4
ERROR: LoadError: syntax: unsupported `const` declaration on local variable around /share/crsp/lab/freesel/share/MimiGIVE.jl/src/components/TempMortality_GreensFunction.jl:60
Stacktrace:
  [1] top-level scope
    @ /share/crsp/lab/freesel/share/MimiGIVE.jl/src/components/TempMortality_GreensFunction.jl:16
  [2] include(mapexpr::Function, mod::Module, _path::String)
    @ Base ./Base.jl:307
  [3] top-level scope
    @ /share/crsp/lab/freesel/share/MimiGIVE.jl/src/MimiGIVE.jl:47
  [4] include(mod::Module, _path::String)
    @ Base ./Base.jl:306
  [5] include_package_for_output(pkg::Base.PkgId, input::String, depot_path::Vector{String}, dl_load_path::Vector{String}, load_path::Vector{String}, concrete_deps::Vector{Pair{Base.PkgId, UInt128}}, source::Nothing)
    @ Base ./loading.jl:2996
  [6] top-level scope
    @ stdin:5
  [7] eval(m::Module, e::Any)
    @ Core ./boot.jl:489
  [8] include_string(mapexpr::typeof(identity), mod::Module, code::String, filename::String)
    @ Base ./loading.jl:2842
  [9] include_string
    @ ./loading.jl:2852 [inlined]
 [10] exec_options(opts::Base.JLOptions)
    @ Base ./client.jl:315
 [11] _start()
    @ Base ./client.jl:550
in expression starting at /share/crsp/lab/freesel/share/MimiGIVE.jl/src/components/TempMortality_GreensFunction.jl:16
in expression starting at /share/crsp/lab/freesel/share/MimiGIVE.jl/src/MimiGIVE.jl:1
in expression starting at stdin:
in expression starting at /share/crsp/lab/freesel/share/MimiGIVE.jl/scripts/test_gf.jl:10
