
Testing all three temperature methods...

=== Test 3: Green's Functions Method ===
Creating Green's functions model...
DEBUG: About to call get_model with :greens_function
DEBUG: Model created successfully, about to run...
Running Green's functions model...
=== TempMortality_GreensFunction INIT ===
  Number of timesteps: 551
  Number of countries: 184
  Number of lags: 600
  GCM ID: 1
  dt: 1.0
  Pattern array size: (184, 1, 600)
  Global pattern array size: (1, 600)
  Sample pattern values [country 1, gcm 1, lags 1-5]: Union{Missing, Float64}[0.0, 0.0, 0.0, 0.0, 0.0]
  Sample global pattern values [gcm 1, lags 1-5]: Union{Missing, Float64}[0.17925945102525595, 0.36691924337978793, 0.5677122755081099, 0.7245750416425533, 0.9162225158917294]
=== INIT COMPLETE ===

Year 1750 (idx=1): global_temp = 0.015007449407079411 °C
Year 1751 (idx=2): global_temp = 0.04599317872550135 °C
Year 1752 (idx=3): global_temp = 0.09434189378193655 °C
Year 1753 (idx=4): global_temp = 0.15668566565108183 °C
Year 1754 (idx=5): global_temp = 0.2361868321956911 °C
Year 1755 (idx=6): global_temp = 0.32675208633732333 °C
Year 1756 (idx=7): global_temp = 0.42471910003390156 °C
Year 1757 (idx=8): global_temp = 0.5275380700988646 °C
Year 1758 (idx=9): global_temp = 0.6288626112481565 °C
Year 1759 (idx=10): global_temp = 0.7226222497283681 °C
✗ Green's functions failed: DomainError(-1.934840111275928e7, "Exponentiation yielding a complex result requires a complex argument.\nReplace x^y with (x+0im)^y, Complex(x)^y, or similar.")
DEBUG: Error type: DomainError
DEBUG: Full stack trace:
DomainError with -1.934840111275928e7:
Exponentiation yielding a complex result requires a complex argument.
Replace x^y with (x+0im)^y, Complex(x)^y, or similar.
Stacktrace:
  [1] throw_exp_domainerror(x::Float64)
    @ Base.Math ./math.jl:41
  [2] ^
    @ ./math.jl:1155 [inlined]
  [3] macro expansion
    @ ~/.julia/packages/MimiBRICK/bpCAF/src/components/antarctic_icesheet_component.jl:141 [inlined]
  [4] run_timestep_MimiBRICK_antarctic_icesheet(p::Mimi.ComponentInstanceParameters{@NamedTuple{seawater_freeze::Mimi.ScalarModelParameter{Float64}, ais_ρ_ice::Mimi.ScalarModelParameter{Float64}, ais_ρ_seawater::Mimi.ScalarModelParameter{Float64}, ais_ρ_rock::Mimi.ScalarModelParameter{Float64}, ais_sea_level₀::Mimi.ScalarModelParameter{Float64}, ais_ocean_temperature₀::Mimi.ScalarModelParameter{Float64}, ais_radius₀::Mimi.ScalarModelParameter{Float64}, ais_bedheight₀::Mimi.ScalarModelParameter{Float64}, ais_slope::Mimi.ScalarModelParameter{Float64}, ais_μ::Mimi.ScalarModelParameter{Float64}, ais_runoffline_snowheight₀::Mimi.ScalarModelParameter{Float64}, ais_c::Mimi.ScalarModelParameter{Float64}, ais_precipitation₀::Mimi.ScalarModelParameter{Float64}, ais_κ::Mimi.ScalarModelParameter{Float64}, ais_ν::Mimi.ScalarModelParameter{Float64}, ais_iceflow₀::Mimi.ScalarModelParameter{Float64}, ais_γ::Mimi.ScalarModelParameter{Float64}, ais_α::Mimi.ScalarModelParameter{Float64}, ais_temperature_coefficient::Mimi.ScalarModelParameter{Float64}, ais_temperature_intercept::Mimi.ScalarModelParameter{Float64}, ais_local_fingerprint::Mimi.ScalarModelParameter{Float64}, ocean_surface_area::Mimi.ScalarModelParameter{Float64}, temperature_threshold::Mimi.ScalarModelParameter{Float64}, λ::Mimi.ScalarModelParameter{Float64}, include_ais_DSL::Mimi.ScalarModelParameter{Bool}, global_surface_temperature::Mimi.TimestepArray{Mimi.FixedTimestep{1750, 1, 2300}, Union{Missing, Float64}, 1, 1, SubArray{Union{Missing, Float64}, 1, Vector{Union{Missing, Float64}}, Tuple{UnitRange{Int64}}, true}}, antarctic_ocean_temperature::Mimi.TimestepArray{Mimi.FixedTimestep{1750, 1, 2300}, Union{Missing, Float64}, 1, 1, SubArray{Union{Missing, Float64}, 1, Vector{Union{Missing, Float64}}, Tuple{UnitRange{Int64}}, true}}, global_sea_level::Mimi.TimestepArray{Mimi.FixedTimestep{1750, 1, 2300}, Union{Missing, Float64}, 1, 1, SubArray{Union{Missing, Float64}, 1, Vector{Union{Missing, Float64}}, Tuple{UnitRange{Int64}}, true}}}}, v::Mimi.ComponentInstanceVariables{@NamedTuple{Δ_sea_level::Mimi.TimestepArray{Mimi.FixedTimestep{1750, 1, 2300}, Union{Missing, Float64}, 1, 1, SubArray{Union{Missing, Float64}, 1, Vector{Union{Missing, Float64}}, Tuple{UnitRange{Int64}}, true}}, antartic_surface_temperature::Mimi.TimestepArray{Mimi.FixedTimestep{1750, 1, 2300}, Union{Missing, Float64}, 1, 1, SubArray{Union{Missing, Float64}, 1, Vector{Union{Missing, Float64}}, Tuple{UnitRange{Int64}}, true}}, runoffline_snowheight::Mimi.TimestepArray{Mimi.FixedTimestep{1750, 1, 2300}, Union{Missing, Float64}, 1, 1, SubArray{Union{Missing, Float64}, 1, Vector{Union{Missing, Float64}}, Tuple{UnitRange{Int64}}, true}}, precipitation::Mimi.TimestepArray{Mimi.FixedTimestep{1750, 1, 2300}, Union{Missing, Float64}, 1, 1, SubArray{Union{Missing, Float64}, 1, Vector{Union{Missing, Float64}}, Tuple{UnitRange{Int64}}, true}}, ais_β::Mimi.TimestepArray{Mimi.FixedTimestep{1750, 1, 2300}, Union{Missing, Float64}, 1, 1, SubArray{Union{Missing, Float64}, 1, Vector{Union{Missing, Float64}}, Tuple{UnitRange{Int64}}, true}}, center2runoffline_distance::Mimi.TimestepArray{Mimi.FixedTimestep{1750, 1, 2300}, Union{Missing, Float64}, 1, 1, SubArray{Union{Missing, Float64}, 1, Vector{Union{Missing, Float64}}, Tuple{UnitRange{Int64}}, true}}, center2sea_distance::Mimi.TimestepArray{Mimi.FixedTimestep{1750, 1, 2300}, Union{Missing, Float64}, 1, 1, SubArray{Union{Missing, Float64}, 1, Vector{Union{Missing, Float64}}, Tuple{UnitRange{Int64}}, true}}, ais_radius::Mimi.TimestepArray{Mimi.FixedTimestep{1750, 1, 2300}, Union{Missing, Float64}, 1, 1, SubArray{Union{Missing, Float64}, 1, Vector{Union{Missing, Float64}}, Tuple{UnitRange{Int64}}, true}}, waterdepth::Mimi.TimestepArray{Mimi.FixedTimestep{1750, 1, 2300}, Union{Missing, Float64}, 1, 1, SubArray{Union{Missing, Float64}, 1, Vector{Union{Missing, Float64}}, Tuple{UnitRange{Int64}}, true}}, ice_flux::Mimi.TimestepArray{Mimi.FixedTimestep{1750, 1, 2300}, Union{Missing, Float64}, 1, 1, SubArray{Union{Missing, Float64}, 1, Vector{Union{Missing, Float64}}, Tuple{UnitRange{Int64}}, true}}, ais_volume::Mimi.TimestepArray{Mimi.FixedTimestep{1750, 1, 2300}, Union{Missing, Float64}, 1, 1, SubArray{Union{Missing, Float64}, 1, Vector{Union{Missing, Float64}}, Tuple{UnitRange{Int64}}, true}}, β_total::Mimi.TimestepArray{Mimi.FixedTimestep{1750, 1, 2300}, Union{Missing, Float64}, 1, 1, SubArray{Union{Missing, Float64}, 1, Vector{Union{Missing, Float64}}, Tuple{UnitRange{Int64}}, true}}, disintegration_rate::Mimi.TimestepArray{Mimi.FixedTimestep{1750, 1, 2300}, Union{Missing, Float64}, 1, 1, SubArray{Union{Missing, Float64}, 1, Vector{Union{Missing, Float64}}, Tuple{UnitRange{Int64}}, true}}, disintegration_volume::Mimi.TimestepArray{Mimi.FixedTimestep{1750, 1, 2300}, Union{Missing, Float64}, 1, 1, SubArray{Union{Missing, Float64}, 1, Vector{Union{Missing, Float64}}, Tuple{UnitRange{Int64}}, true}}, ais_sea_level::Mimi.TimestepArray{Mimi.FixedTimestep{1750, 1, 2300}, Union{Missing, Float64}, 1, 1, SubArray{Union{Missing, Float64}, 1, Vector{Union{Missing, Float64}}, Tuple{UnitRange{Int64}}, true}}}}, d::@NamedTuple{time::Vector{Mimi.AbstractTimestep}, other_ghg::Vector{Int64}, ozone_depleting_substances::Vector{Int64}, var"4"::Vector{Int64}, var"2"::Vector{Int64}, country::Vector{Int64}, fund_regions::Vector{Int64}, segments::Vector{Int64}, ag_mapping_input_regions::Vector{Int64}, ag_mapping_output_regions::Vector{Int64}, energy_countries::Vector{Int64}, domestic_countries::Vector{Int64}, cmip6_gcms::Vector{Int64}, lag::Vector{Int64}, var"3"::Vector{Int64}}, t::Mimi.FixedTimestep{1850, 1, 2300})
    @ MimiBRICK ~/.julia/packages/Mimi/ve6WQ/src/core/defcomp.jl:78
  [5] run_timestep(ci::Mimi.LeafComponentInstance{Mimi.ComponentInstanceVariables{@NamedTuple{Δ_sea_level::Mimi.TimestepArray{Mimi.FixedTimestep{1750, 1, 2300}, Union{Missing, Float64}, 1, 1, SubArray{Union{Missing, Float64}, 1, Vector{Union{Missing, Float64}}, Tuple{UnitRange{Int64}}, true}}, antartic_surface_temperature::Mimi.TimestepArray{Mimi.FixedTimestep{1750, 1, 2300}, Union{Missing, Float64}, 1, 1, SubArray{Union{Missing, Float64}, 1, Vector{Union{Missing, Float64}}, Tuple{UnitRange{Int64}}, true}}, runoffline_snowheight::Mimi.TimestepArray{Mimi.FixedTimestep{1750, 1, 2300}, Union{Missing, Float64}, 1, 1, SubArray{Union{Missing, Float64}, 1, Vector{Union{Missing, Float64}}, Tuple{UnitRange{Int64}}, true}}, precipitation::Mimi.TimestepArray{Mimi.FixedTimestep{1750, 1, 2300}, Union{Missing, Float64}, 1, 1, SubArray{Union{Missing, Float64}, 1, Vector{Union{Missing, Float64}}, Tuple{UnitRange{Int64}}, true}}, ais_β::Mimi.TimestepArray{Mimi.FixedTimestep{1750, 1, 2300}, Union{Missing, Float64}, 1, 1, SubArray{Union{Missing, Float64}, 1, Vector{Union{Missing, Float64}}, Tuple{UnitRange{Int64}}, true}}, center2runoffline_distance::Mimi.TimestepArray{Mimi.FixedTimestep{1750, 1, 2300}, Union{Missing, Float64}, 1, 1, SubArray{Union{Missing, Float64}, 1, Vector{Union{Missing, Float64}}, Tuple{UnitRange{Int64}}, true}}, center2sea_distance::Mimi.TimestepArray{Mimi.FixedTimestep{1750, 1, 2300}, Union{Missing, Float64}, 1, 1, SubArray{Union{Missing, Float64}, 1, Vector{Union{Missing, Float64}}, Tuple{UnitRange{Int64}}, true}}, ais_radius::Mimi.TimestepArray{Mimi.FixedTimestep{1750, 1, 2300}, Union{Missing, Float64}, 1, 1, SubArray{Union{Missing, Float64}, 1, Vector{Union{Missing, Float64}}, Tuple{UnitRange{Int64}}, true}}, waterdepth::Mimi.TimestepArray{Mimi.FixedTimestep{1750, 1, 2300}, Union{Missing, Float64}, 1, 1, SubArray{Union{Missing, Float64}, 1, Vector{Union{Missing, Float64}}, Tuple{UnitRange{Int64}}, true}}, ice_flux::Mimi.TimestepArray{Mimi.FixedTimestep{1750, 1, 2300}, Union{Missing, Float64}, 1, 1, SubArray{Union{Missing, Float64}, 1, Vector{Union{Missing, Float64}}, Tuple{UnitRange{Int64}}, true}}, ais_volume::Mimi.TimestepArray{Mimi.FixedTimestep{1750, 1, 2300}, Union{Missing, Float64}, 1, 1, SubArray{Union{Missing, Float64}, 1, Vector{Union{Missing, Float64}}, Tuple{UnitRange{Int64}}, true}}, β_total::Mimi.TimestepArray{Mimi.FixedTimestep{1750, 1, 2300}, Union{Missing, Float64}, 1, 1, SubArray{Union{Missing, Float64}, 1, Vector{Union{Missing, Float64}}, Tuple{UnitRange{Int64}}, true}}, disintegration_rate::Mimi.TimestepArray{Mimi.FixedTimestep{1750, 1, 2300}, Union{Missing, Float64}, 1, 1, SubArray{Union{Missing, Float64}, 1, Vector{Union{Missing, Float64}}, Tuple{UnitRange{Int64}}, true}}, disintegration_volume::Mimi.TimestepArray{Mimi.FixedTimestep{1750, 1, 2300}, Union{Missing, Float64}, 1, 1, SubArray{Union{Missing, Float64}, 1, Vector{Union{Missing, Float64}}, Tuple{UnitRange{Int64}}, true}}, ais_sea_level::Mimi.TimestepArray{Mimi.FixedTimestep{1750, 1, 2300}, Union{Missing, Float64}, 1, 1, SubArray{Union{Missing, Float64}, 1, Vector{Union{Missing, Float64}}, Tuple{UnitRange{Int64}}, true}}}}, Mimi.ComponentInstanceParameters{@NamedTuple{seawater_freeze::Mimi.ScalarModelParameter{Float64}, ais_ρ_ice::Mimi.ScalarModelParameter{Float64}, ais_ρ_seawater::Mimi.ScalarModelParameter{Float64}, ais_ρ_rock::Mimi.ScalarModelParameter{Float64}, ais_sea_level₀::Mimi.ScalarModelParameter{Float64}, ais_ocean_temperature₀::Mimi.ScalarModelParameter{Float64}, ais_radius₀::Mimi.ScalarModelParameter{Float64}, ais_bedheight₀::Mimi.ScalarModelParameter{Float64}, ais_slope::Mimi.ScalarModelParameter{Float64}, ais_μ::Mimi.ScalarModelParameter{Float64}, ais_runoffline_snowheight₀::Mimi.ScalarModelParameter{Float64}, ais_c::Mimi.ScalarModelParameter{Float64}, ais_precipitation₀::Mimi.ScalarModelParameter{Float64}, ais_κ::Mimi.ScalarModelParameter{Float64}, ais_ν::Mimi.ScalarModelParameter{Float64}, ais_iceflow₀::Mimi.ScalarModelParameter{Float64}, ais_γ::Mimi.ScalarModelParameter{Float64}, ais_α::Mimi.ScalarModelParameter{Float64}, ais_temperature_coefficient::Mimi.ScalarModelParameter{Float64}, ais_temperature_intercept::Mimi.ScalarModelParameter{Float64}, ais_local_fingerprint::Mimi.ScalarModelParameter{Float64}, ocean_surface_area::Mimi.ScalarModelParameter{Float64}, temperature_threshold::Mimi.ScalarModelParameter{Float64}, λ::Mimi.ScalarModelParameter{Float64}, include_ais_DSL::Mimi.ScalarModelParameter{Bool}, global_surface_temperature::Mimi.TimestepArray{Mimi.FixedTimestep{1750, 1, 2300}, Union{Missing, Float64}, 1, 1, SubArray{Union{Missing, Float64}, 1, Vector{Union{Missing, Float64}}, Tuple{UnitRange{Int64}}, true}}, antarctic_ocean_temperature::Mimi.TimestepArray{Mimi.FixedTimestep{1750, 1, 2300}, Union{Missing, Float64}, 1, 1, SubArray{Union{Missing, Float64}, 1, Vector{Union{Missing, Float64}}, Tuple{UnitRange{Int64}}, true}}, global_sea_level::Mimi.TimestepArray{Mimi.FixedTimestep{1750, 1, 2300}, Union{Missing, Float64}, 1, 1, SubArray{Union{Missing, Float64}, 1, Vector{Union{Missing, Float64}}, Tuple{UnitRange{Int64}}, true}}}}}, clock::Mimi.Clock{Mimi.FixedTimestep}, dims::@NamedTuple{time::Vector{Mimi.AbstractTimestep}, other_ghg::Vector{Int64}, ozone_depleting_substances::Vector{Int64}, var"4"::Vector{Int64}, var"2"::Vector{Int64}, country::Vector{Int64}, fund_regions::Vector{Int64}, segments::Vector{Int64}, ag_mapping_input_regions::Vector{Int64}, ag_mapping_output_regions::Vector{Int64}, energy_countries::Vector{Int64}, domestic_countries::Vector{Int64}, cmip6_gcms::Vector{Int64}, lag::Vector{Int64}, var"3"::Vector{Int64}})
    @ Mimi ~/.julia/packages/Mimi/ve6WQ/src/core/instances.jl:317
  [6] run_timestep(cci::Mimi.ModelInstance, clock::Mimi.Clock{Mimi.FixedTimestep}, dims::@NamedTuple{time::Vector{Mimi.AbstractTimestep}, other_ghg::Vector{Int64}, ozone_depleting_substances::Vector{Int64}, var"4"::Vector{Int64}, var"2"::Vector{Int64}, country::Vector{Int64}, fund_regions::Vector{Int64}, segments::Vector{Int64}, ag_mapping_input_regions::Vector{Int64}, ag_mapping_output_regions::Vector{Int64}, energy_countries::Vector{Int64}, domestic_countries::Vector{Int64}, cmip6_gcms::Vector{Int64}, lag::Vector{Int64}, var"3"::Vector{Int64}})
    @ Mimi ~/.julia/packages/Mimi/ve6WQ/src/core/instances.jl:326
  [7] run(mi::Mimi.ModelInstance, ntimesteps::Int64, dimkeys::Nothing)
    @ Mimi ~/.julia/packages/Mimi/ve6WQ/src/core/instances.jl:366
  [8] run(m::Model; ntimesteps::Int64, rebuild::Bool, dim_keys::Nothing)
    @ Mimi ~/.julia/packages/Mimi/ve6WQ/src/core/model.jl:539
  [9] run(m::Model)
    @ Mimi ~/.julia/packages/Mimi/ve6WQ/src/core/model.jl:527
 [10] top-level scope
    @ /share/crsp/lab/freesel/share/MimiGIVE.jl/scripts/test_gf.jl:27
 [11] include(mod::Module, _path::String)
    @ Base ./Base.jl:306
 [12] exec_options(opts::Base.JLOptions)
    @ Base ./client.jl:317
 [13] _start()
    @ Base ./client.jl:550

=== Summary ===
Tested all three temperature methods.
